MPLINK 4.38, Linker
Linker Map File - Created Thu Dec 15 22:47:06 2016

                                 Section Info
                  Section       Type    Address   Location Size(Bytes)
                ---------  ---------  ---------  ---------  ---------
                   .org_0       code   0x000000    program   0x000000
                   .org_1       code   0x001000    program   0x000074
.config_300000_SECUENCIADOR.O    romdata   0x300000    program   0x000001
.config_300001_SECUENCIADOR.O    romdata   0x300001    program   0x000001
.config_300002_SECUENCIADOR.O    romdata   0x300002    program   0x000001
.config_300003_SECUENCIADOR.O    romdata   0x300003    program   0x000001
.config_300005_SECUENCIADOR.O    romdata   0x300005    program   0x000001
.config_300006_SECUENCIADOR.O    romdata   0x300006    program   0x000001
.config_300008_SECUENCIADOR.O    romdata   0x300008    program   0x000001
.config_300009_SECUENCIADOR.O    romdata   0x300009    program   0x000001
.config_30000A_SECUENCIADOR.O    romdata   0x30000a    program   0x000001
.config_30000B_SECUENCIADOR.O    romdata   0x30000b    program   0x000001
.config_30000C_SECUENCIADOR.O    romdata   0x30000c    program   0x000001
.config_30000D_SECUENCIADOR.O    romdata   0x30000d    program   0x000001



                              Program Memory Usage 
                               Start         End      
                           ---------   ---------      
                            0x001000    0x001073      
                            0x300000    0x300003      
                            0x300005    0x300006      
                            0x300008    0x30000d      
            128 out of 33048 program addresses used, program memory utilization is 0%



                              Symbols - Sorted by Name
                     Name    Address   Location    Storage File                     
                ---------  ---------  ---------  --------- ---------                
                      ACA   0x001060    program     static C:\Users\jagon\Desktop\victor\secuenciador.asm
                     ACA1   0x00105c    program     static C:\Users\jagon\Desktop\victor\secuenciador.asm
                     ACA3   0x001058    program     static C:\Users\jagon\Desktop\victor\secuenciador.asm
                    DELAY   0x001054    program     static C:\Users\jagon\Desktop\victor\secuenciador.asm
                   INICIO   0x001012    program     static C:\Users\jagon\Desktop\victor\secuenciador.asm
                  OPCION1   0x001018    program     static C:\Users\jagon\Desktop\victor\secuenciador.asm
                  OPCION2   0x001022    program     static C:\Users\jagon\Desktop\victor\secuenciador.asm
                   OTRAR1   0x001036    program     static C:\Users\jagon\Desktop\victor\secuenciador.asm
                   OTRAR2   0x001048    program     static C:\Users\jagon\Desktop\victor\secuenciador.asm
                    ROTA1   0x001030    program     static C:\Users\jagon\Desktop\victor\secuenciador.asm
                    ROTA2   0x001042    program     static C:\Users\jagon\Desktop\victor\secuenciador.asm



                              Symbols - Sorted by Address
                     Name    Address   Location    Storage File                     
                ---------  ---------  ---------  --------- ---------                
                   INICIO   0x001012    program     static C:\Users\jagon\Desktop\victor\secuenciador.asm
                  OPCION1   0x001018    program     static C:\Users\jagon\Desktop\victor\secuenciador.asm
                  OPCION2   0x001022    program     static C:\Users\jagon\Desktop\victor\secuenciador.asm
                    ROTA1   0x001030    program     static C:\Users\jagon\Desktop\victor\secuenciador.asm
                   OTRAR1   0x001036    program     static C:\Users\jagon\Desktop\victor\secuenciador.asm
                    ROTA2   0x001042    program     static C:\Users\jagon\Desktop\victor\secuenciador.asm
                   OTRAR2   0x001048    program     static C:\Users\jagon\Desktop\victor\secuenciador.asm
                    DELAY   0x001054    program     static C:\Users\jagon\Desktop\victor\secuenciador.asm
                     ACA3   0x001058    program     static C:\Users\jagon\Desktop\victor\secuenciador.asm
                     ACA1   0x00105c    program     static C:\Users\jagon\Desktop\victor\secuenciador.asm
                      ACA   0x001060    program     static C:\Users\jagon\Desktop\victor\secuenciador.asm


